[2026-06-22T09:05:36.438Z] paymentId: PAY-18413936 error: TypeError: tx.getAll is not a function
    at eval (webpack-internal:///(action-browser)/./src/lib/actions/payments.ts:708:41)
    at Object.runTransaction (webpack-internal:///(action-browser)/./src/lib/firebase-admin.js:277:30)
    at approvePayment (webpack-internal:///(action-browser)/./src/lib/actions/payments.ts:705:72)
    at process.processTicksAndRejections (node:internal/process/task_queues:104:5)
    at async C:\Users\jprat\OneDrive\Desktop\Hindustan Enterprices\precision-press-erp\node_modules\next\dist\compiled\next-server\app-page.runtime.dev.js:39:418
    at async rk (C:\Users\jprat\OneDrive\Desktop\Hindustan Enterprices\precision-press-erp\node_modules\next\dist\compiled\next-server\app-page.runtime.dev.js:38:7978)
    at async r3 (C:\Users\jprat\OneDrive\Desktop\Hindustan Enterprices\precision-press-erp\node_modules\next\dist\compiled\next-server\app-page.runtime.dev.js:41:1256)
    at async doRender (C:\Users\jprat\OneDrive\Desktop\Hindustan Enterprices\precision-press-erp\node_modules\next\dist\server\base-server.js:1420:30)
    at async cacheEntry.responseCache.get.routeKind (C:\Users\jprat\OneDrive\Desktop\Hindustan Enterprices\precision-press-erp\node_modules\next\dist\server\base-server.js:1581:28)
    at async DevServer.renderToResponseWithComponentsImpl (C:\Users\jprat\OneDrive\Desktop\Hindustan Enterprices\precision-press-erp\node_modules\next\dist\server\base-server.js:1489:28)
    at async DevServer.renderPageComponent (C:\Users\jprat\OneDrive\Desktop\Hindustan Enterprices\precision-press-erp\node_modules\next\dist\server\base-server.js:1920:24)
    at async DevServer.renderToResponseImpl (C:\Users\jprat\OneDrive\Desktop\Hindustan Enterprices\precision-press-erp\node_modules\next\dist\server\base-server.js:1958:32)
    at async DevServer.pipeImpl (C:\Users\jprat\OneDrive\Desktop\Hindustan Enterprices\precision-press-erp\node_modules\next\dist\server\base-server.js:917:25)
    at async NextNodeServer.handleCatchallRenderRequest (C:\Users\jprat\OneDrive\Desktop\Hindustan Enterprices\precision-press-erp\node_modules\next\dist\server\next-server.js:272:17)
    at async DevServer.handleRequestImpl (C:\Users\jprat\OneDrive\Desktop\Hindustan Enterprices\precision-press-erp\node_modules\next\dist\server\base-server.js:813:17)
    at async C:\Users\jprat\OneDrive\Desktop\Hindustan Enterprices\precision-press-erp\node_modules\next\dist\server\dev\next-dev-server.js:339:20
    at async Span.traceAsyncFn (C:\Users\jprat\OneDrive\Desktop\Hindustan Enterprices\precision-press-erp\node_modules\next\dist\trace\trace.js:154:20)
    at async DevServer.handleRequest (C:\Users\jprat\OneDrive\Desktop\Hindustan Enterprices\precision-press-erp\node_modules\next\dist\server\dev\next-dev-server.js:336:24)
    at async invokeRender (C:\Users\jprat\OneDrive\Desktop\Hindustan Enterprices\precision-press-erp\node_modules\next\dist\server\lib\router-server.js:173:21)
    at async handleRequest (C:\Users\jprat\OneDrive\Desktop\Hindustan Enterprices\precision-press-erp\node_modules\next\dist\server\lib\router-server.js:350:24)
    at async requestHandlerImpl (C:\Users\jprat\OneDrive\Desktop\Hindustan Enterprices\precision-press-erp\node_modules\next\dist\server\lib\router-server.js:374:13)
    at async Server.requestListener (C:\Users\jprat\OneDrive\Desktop\Hindustan Enterprices\precision-press-erp\node_modules\next\dist\server\lib\start-server.js:141:13)
[2026-06-22T09:05:48.494Z] paymentId: PAY-18413936 error: TypeError: tx.getAll is not a function
    at eval (webpack-internal:///(action-browser)/./src/lib/actions/payments.ts:708:41)
    at Object.runTransaction (webpack-internal:///(action-browser)/./src/lib/firebase-admin.js:277:30)
    at approvePayment (webpack-internal:///(action-browser)/./src/lib/actions/payments.ts:705:72)
    at process.processTicksAndRejections (node:internal/process/task_queues:104:5)
    at async C:\Users\jprat\OneDrive\Desktop\Hindustan Enterprices\precision-press-erp\node_modules\next\dist\compiled\next-server\app-page.runtime.dev.js:39:418
    at async rk (C:\Users\jprat\OneDrive\Desktop\Hindustan Enterprices\precision-press-erp\node_modules\next\dist\compiled\next-server\app-page.runtime.dev.js:38:7978)
    at async r3 (C:\Users\jprat\OneDrive\Desktop\Hindustan Enterprices\precision-press-erp\node_modules\next\dist\compiled\next-server\app-page.runtime.dev.js:41:1256)
    at async doRender (C:\Users\jprat\OneDrive\Desktop\Hindustan Enterprices\precision-press-erp\node_modules\next\dist\server\base-server.js:1420:30)
    at async cacheEntry.responseCache.get.routeKind (C:\Users\jprat\OneDrive\Desktop\Hindustan Enterprices\precision-press-erp\node_modules\next\dist\server\base-server.js:1581:28)
    at async DevServer.renderToResponseWithComponentsImpl (C:\Users\jprat\OneDrive\Desktop\Hindustan Enterprices\precision-press-erp\node_modules\next\dist\server\base-server.js:1489:28)
    at async DevServer.renderPageComponent (C:\Users\jprat\OneDrive\Desktop\Hindustan Enterprices\precision-press-erp\node_modules\next\dist\server\base-server.js:1920:24)
    at async DevServer.renderToResponseImpl (C:\Users\jprat\OneDrive\Desktop\Hindustan Enterprices\precision-press-erp\node_modules\next\dist\server\base-server.js:1958:32)
    at async DevServer.pipeImpl (C:\Users\jprat\OneDrive\Desktop\Hindustan Enterprices\precision-press-erp\node_modules\next\dist\server\base-server.js:917:25)
    at async NextNodeServer.handleCatchallRenderRequest (C:\Users\jprat\OneDrive\Desktop\Hindustan Enterprices\precision-press-erp\node_modules\next\dist\server\next-server.js:272:17)
    at async DevServer.handleRequestImpl (C:\Users\jprat\OneDrive\Desktop\Hindustan Enterprices\precision-press-erp\node_modules\next\dist\server\base-server.js:813:17)
    at async C:\Users\jprat\OneDrive\Desktop\Hindustan Enterprices\precision-press-erp\node_modules\next\dist\server\dev\next-dev-server.js:339:20
    at async Span.traceAsyncFn (C:\Users\jprat\OneDrive\Desktop\Hindustan Enterprices\precision-press-erp\node_modules\next\dist\trace\trace.js:154:20)
    at async DevServer.handleRequest (C:\Users\jprat\OneDrive\Desktop\Hindustan Enterprices\precision-press-erp\node_modules\next\dist\server\dev\next-dev-server.js:336:24)
    at async invokeRender (C:\Users\jprat\OneDrive\Desktop\Hindustan Enterprices\precision-press-erp\node_modules\next\dist\server\lib\router-server.js:173:21)
    at async handleRequest (C:\Users\jprat\OneDrive\Desktop\Hindustan Enterprices\precision-press-erp\node_modules\next\dist\server\lib\router-server.js:350:24)
    at async requestHandlerImpl (C:\Users\jprat\OneDrive\Desktop\Hindustan Enterprices\precision-press-erp\node_modules\next\dist\server\lib\router-server.js:374:13)
    at async Server.requestListener (C:\Users\jprat\OneDrive\Desktop\Hindustan Enterprices\precision-press-erp\node_modules\next\dist\server\lib\start-server.js:141:13)
[2026-06-22T09:05:56.810Z] paymentId: PAY-18413936 error: TypeError: tx.getAll is not a function
    at eval (webpack-internal:///(action-browser)/./src/lib/actions/payments.ts:708:41)
    at Object.runTransaction (webpack-internal:///(action-browser)/./src/lib/firebase-admin.js:277:30)
    at approvePayment (webpack-internal:///(action-browser)/./src/lib/actions/payments.ts:705:72)
    at process.processTicksAndRejections (node:internal/process/task_queues:104:5)
    at async C:\Users\jprat\OneDrive\Desktop\Hindustan Enterprices\precision-press-erp\node_modules\next\dist\compiled\next-server\app-page.runtime.dev.js:39:418
    at async rk (C:\Users\jprat\OneDrive\Desktop\Hindustan Enterprices\precision-press-erp\node_modules\next\dist\compiled\next-server\app-page.runtime.dev.js:38:7978)
    at async r3 (C:\Users\jprat\OneDrive\Desktop\Hindustan Enterprices\precision-press-erp\node_modules\next\dist\compiled\next-server\app-page.runtime.dev.js:41:1256)
    at async doRender (C:\Users\jprat\OneDrive\Desktop\Hindustan Enterprices\precision-press-erp\node_modules\next\dist\server\base-server.js:1420:30)
    at async cacheEntry.responseCache.get.routeKind (C:\Users\jprat\OneDrive\Desktop\Hindustan Enterprices\precision-press-erp\node_modules\next\dist\server\base-server.js:1581:28)
    at async DevServer.renderToResponseWithComponentsImpl (C:\Users\jprat\OneDrive\Desktop\Hindustan Enterprices\precision-press-erp\node_modules\next\dist\server\base-server.js:1489:28)
    at async DevServer.renderPageComponent (C:\Users\jprat\OneDrive\Desktop\Hindustan Enterprices\precision-press-erp\node_modules\next\dist\server\base-server.js:1920:24)
    at async DevServer.renderToResponseImpl (C:\Users\jprat\OneDrive\Desktop\Hindustan Enterprices\precision-press-erp\node_modules\next\dist\server\base-server.js:1958:32)
    at async DevServer.pipeImpl (C:\Users\jprat\OneDrive\Desktop\Hindustan Enterprices\precision-press-erp\node_modules\next\dist\server\base-server.js:917:25)
    at async NextNodeServer.handleCatchallRenderRequest (C:\Users\jprat\OneDrive\Desktop\Hindustan Enterprices\precision-press-erp\node_modules\next\dist\server\next-server.js:272:17)
    at async DevServer.handleRequestImpl (C:\Users\jprat\OneDrive\Desktop\Hindustan Enterprices\precision-press-erp\node_modules\next\dist\server\base-server.js:813:17)
    at async C:\Users\jprat\OneDrive\Desktop\Hindustan Enterprices\precision-press-erp\node_modules\next\dist\server\dev\next-dev-server.js:339:20
    at async Span.traceAsyncFn (C:\Users\jprat\OneDrive\Desktop\Hindustan Enterprices\precision-press-erp\node_modules\next\dist\trace\trace.js:154:20)
    at async DevServer.handleRequest (C:\Users\jprat\OneDrive\Desktop\Hindustan Enterprices\precision-press-erp\node_modules\next\dist\server\dev\next-dev-server.js:336:24)
    at async invokeRender (C:\Users\jprat\OneDrive\Desktop\Hindustan Enterprices\precision-press-erp\node_modules\next\dist\server\lib\router-server.js:173:21)
    at async handleRequest (C:\Users\jprat\OneDrive\Desktop\Hindustan Enterprices\precision-press-erp\node_modules\next\dist\server\lib\router-server.js:350:24)
    at async requestHandlerImpl (C:\Users\jprat\OneDrive\Desktop\Hindustan Enterprices\precision-press-erp\node_modules\next\dist\server\lib\router-server.js:374:13)
    at async Server.requestListener (C:\Users\jprat\OneDrive\Desktop\Hindustan Enterprices\precision-press-erp\node_modules\next\dist\server\lib\start-server.js:141:13)
[2026-06-22T09:07:36.764Z] paymentId: PAY-18413936 error: TypeError: tx.getAll is not a function
    at eval (webpack-internal:///(action-browser)/./src/lib/actions/payments.ts:708:41)
    at Object.runTransaction (webpack-internal:///(action-browser)/./src/lib/firebase-admin.js:277:30)
    at approvePayment (webpack-internal:///(action-browser)/./src/lib/actions/payments.ts:705:72)
    at process.processTicksAndRejections (node:internal/process/task_queues:104:5)
    at async C:\Users\jprat\OneDrive\Desktop\Hindustan Enterprices\precision-press-erp\node_modules\next\dist\compiled\next-server\app-page.runtime.dev.js:39:418
    at async rk (C:\Users\jprat\OneDrive\Desktop\Hindustan Enterprices\precision-press-erp\node_modules\next\dist\compiled\next-server\app-page.runtime.dev.js:38:7978)
    at async r3 (C:\Users\jprat\OneDrive\Desktop\Hindustan Enterprices\precision-press-erp\node_modules\next\dist\compiled\next-server\app-page.runtime.dev.js:41:1256)
    at async doRender (C:\Users\jprat\OneDrive\Desktop\Hindustan Enterprices\precision-press-erp\node_modules\next\dist\server\base-server.js:1420:30)
    at async cacheEntry.responseCache.get.routeKind (C:\Users\jprat\OneDrive\Desktop\Hindustan Enterprices\precision-press-erp\node_modules\next\dist\server\base-server.js:1581:28)
    at async DevServer.renderToResponseWithComponentsImpl (C:\Users\jprat\OneDrive\Desktop\Hindustan Enterprices\precision-press-erp\node_modules\next\dist\server\base-server.js:1489:28)
    at async DevServer.renderPageComponent (C:\Users\jprat\OneDrive\Desktop\Hindustan Enterprices\precision-press-erp\node_modules\next\dist\server\base-server.js:1920:24)
    at async DevServer.renderToResponseImpl (C:\Users\jprat\OneDrive\Desktop\Hindustan Enterprices\precision-press-erp\node_modules\next\dist\server\base-server.js:1958:32)
    at async DevServer.pipeImpl (C:\Users\jprat\OneDrive\Desktop\Hindustan Enterprices\precision-press-erp\node_modules\next\dist\server\base-server.js:917:25)
    at async NextNodeServer.handleCatchallRenderRequest (C:\Users\jprat\OneDrive\Desktop\Hindustan Enterprices\precision-press-erp\node_modules\next\dist\server\next-server.js:272:17)
    at async DevServer.handleRequestImpl (C:\Users\jprat\OneDrive\Desktop\Hindustan Enterprices\precision-press-erp\node_modules\next\dist\server\base-server.js:813:17)
    at async C:\Users\jprat\OneDrive\Desktop\Hindustan Enterprices\precision-press-erp\node_modules\next\dist\server\dev\next-dev-server.js:339:20
    at async Span.traceAsyncFn (C:\Users\jprat\OneDrive\Desktop\Hindustan Enterprices\precision-press-erp\node_modules\next\dist\trace\trace.js:154:20)
    at async DevServer.handleRequest (C:\Users\jprat\OneDrive\Desktop\Hindustan Enterprices\precision-press-erp\node_modules\next\dist\server\dev\next-dev-server.js:336:24)
    at async invokeRender (C:\Users\jprat\OneDrive\Desktop\Hindustan Enterprices\precision-press-erp\node_modules\next\dist\server\lib\router-server.js:173:21)
    at async handleRequest (C:\Users\jprat\OneDrive\Desktop\Hindustan Enterprices\precision-press-erp\node_modules\next\dist\server\lib\router-server.js:350:24)
    at async requestHandlerImpl (C:\Users\jprat\OneDrive\Desktop\Hindustan Enterprices\precision-press-erp\node_modules\next\dist\server\lib\router-server.js:374:13)
    at async Server.requestListener (C:\Users\jprat\OneDrive\Desktop\Hindustan Enterprices\precision-press-erp\node_modules\next\dist\server\lib\start-server.js:141:13)
[2026-06-22T09:07:45.929Z] paymentId: PAY-18413936 error: TypeError: tx.getAll is not a function
    at eval (webpack-internal:///(action-browser)/./src/lib/actions/payments.ts:708:41)
    at Object.runTransaction (webpack-internal:///(action-browser)/./src/lib/firebase-admin.js:277:30)
    at approvePayment (webpack-internal:///(action-browser)/./src/lib/actions/payments.ts:705:72)
    at process.processTicksAndRejections (node:internal/process/task_queues:104:5)
    at async C:\Users\jprat\OneDrive\Desktop\Hindustan Enterprices\precision-press-erp\node_modules\next\dist\compiled\next-server\app-page.runtime.dev.js:39:418
    at async rk (C:\Users\jprat\OneDrive\Desktop\Hindustan Enterprices\precision-press-erp\node_modules\next\dist\compiled\next-server\app-page.runtime.dev.js:38:7978)
    at async r3 (C:\Users\jprat\OneDrive\Desktop\Hindustan Enterprices\precision-press-erp\node_modules\next\dist\compiled\next-server\app-page.runtime.dev.js:41:1256)
    at async doRender (C:\Users\jprat\OneDrive\Desktop\Hindustan Enterprices\precision-press-erp\node_modules\next\dist\server\base-server.js:1420:30)
    at async cacheEntry.responseCache.get.routeKind (C:\Users\jprat\OneDrive\Desktop\Hindustan Enterprices\precision-press-erp\node_modules\next\dist\server\base-server.js:1581:28)
    at async DevServer.renderToResponseWithComponentsImpl (C:\Users\jprat\OneDrive\Desktop\Hindustan Enterprices\precision-press-erp\node_modules\next\dist\server\base-server.js:1489:28)
    at async DevServer.renderPageComponent (C:\Users\jprat\OneDrive\Desktop\Hindustan Enterprices\precision-press-erp\node_modules\next\dist\server\base-server.js:1920:24)
    at async DevServer.renderToResponseImpl (C:\Users\jprat\OneDrive\Desktop\Hindustan Enterprices\precision-press-erp\node_modules\next\dist\server\base-server.js:1958:32)
    at async DevServer.pipeImpl (C:\Users\jprat\OneDrive\Desktop\Hindustan Enterprices\precision-press-erp\node_modules\next\dist\server\base-server.js:917:25)
    at async NextNodeServer.handleCatchallRenderRequest (C:\Users\jprat\OneDrive\Desktop\Hindustan Enterprices\precision-press-erp\node_modules\next\dist\server\next-server.js:272:17)
    at async DevServer.handleRequestImpl (C:\Users\jprat\OneDrive\Desktop\Hindustan Enterprices\precision-press-erp\node_modules\next\dist\server\base-server.js:813:17)
    at async C:\Users\jprat\OneDrive\Desktop\Hindustan Enterprices\precision-press-erp\node_modules\next\dist\server\dev\next-dev-server.js:339:20
    at async Span.traceAsyncFn (C:\Users\jprat\OneDrive\Desktop\Hindustan Enterprices\precision-press-erp\node_modules\next\dist\trace\trace.js:154:20)
    at async DevServer.handleRequest (C:\Users\jprat\OneDrive\Desktop\Hindustan Enterprices\precision-press-erp\node_modules\next\dist\server\dev\next-dev-server.js:336:24)
    at async invokeRender (C:\Users\jprat\OneDrive\Desktop\Hindustan Enterprices\precision-press-erp\node_modules\next\dist\server\lib\router-server.js:173:21)
    at async handleRequest (C:\Users\jprat\OneDrive\Desktop\Hindustan Enterprices\precision-press-erp\node_modules\next\dist\server\lib\router-server.js:350:24)
    at async requestHandlerImpl (C:\Users\jprat\OneDrive\Desktop\Hindustan Enterprices\precision-press-erp\node_modules\next\dist\server\lib\router-server.js:374:13)
    at async Server.requestListener (C:\Users\jprat\OneDrive\Desktop\Hindustan Enterprices\precision-press-erp\node_modules\next\dist\server\lib\start-server.js:141:13)
